../Core/Src/main.c:99:5:main	8	static
../Core/Src/main.c:186:6:SystemClock_Config	96	static
../Core/Src/main.c:231:13:MX_I2C1_Init	8	static
../Core/Src/main.c:279:13:MX_I2C3_Init	8	static
../Core/Src/main.c:329:13:MX_USART1_UART_Init	8	static
../Core/Src/main.c:365:13:MX_USART2_UART_Init	8	static
../Core/Src/main.c:400:13:MX_GPIO_Init	16	static
../Core/Src/main.c:420:6:StartBlink01	16	static
../Core/Src/main.c:438:6:StartBlink02	16	static
../Core/Src/main.c:457:6:HAL_TIM_PeriodElapsedCallback	16	static
../Core/Src/main.c:474:6:Error_Handler	4	static,ignoring_inline_asm
