../Core/Src/main.c:93:5:main	8	static
../Core/Src/main.c:177:6:SystemClock_Config	96	static
../Core/Src/main.c:222:13:MX_I2C1_Init	8	static
../Core/Src/main.c:270:13:MX_I2C3_Init	8	static
../Core/Src/main.c:318:13:MX_USART1_UART_Init	8	static
../Core/Src/main.c:353:13:MX_GPIO_Init	16	static
../Core/Src/main.c:373:6:StartBlink01	16	static
../Core/Src/main.c:391:6:StartBlink02	16	static
../Core/Src/main.c:410:6:HAL_TIM_PeriodElapsedCallback	16	static
../Core/Src/main.c:427:6:Error_Handler	4	static,ignoring_inline_asm
