../Core/Src/main.c:82:1:__io_putchar	16	static
../Core/Src/main.c:93:5:main	8	static
../Core/Src/main.c:180:6:SystemClock_Config	96	static
../Core/Src/main.c:225:13:MX_I2C1_Init	8	static
../Core/Src/main.c:273:13:MX_I2C3_Init	8	static
../Core/Src/main.c:321:13:MX_USART1_UART_Init	8	static
../Core/Src/main.c:356:13:MX_USART2_UART_Init	8	static
../Core/Src/main.c:391:13:MX_GPIO_Init	16	static
../Core/Src/main.c:411:6:StartDefaultTask	16	static
../Core/Src/main.c:430:6:HAL_TIM_PeriodElapsedCallback	16	static
../Core/Src/main.c:447:6:Error_Handler	4	static,ignoring_inline_asm
